<?xml version="1.0" encoding="UTF-8"?>

<dataset>
    <User id="-111" city="Moskaw" country="russia" hashkey="123456789" name="Vasia"/>
    <Mesage id="-222" autorId="-112" localRowId="77" mesaga="Just Some messAge" msgType="1" recip_id="-111"
            objVersion="1"/>


    <User id="-112" city="Numbai" country="nigeria" hashkey="9876543321" name="Lumumbu" objVersion="1"/>
    <Mesage autorId="-111" mesaga="someMessage from Vasia to Mumbai" recip_id="-112"/>

</dataset>